D:\DH 2022 - 2026\Tai lieu hoc\8. Spring 2026\PRN232\Assignment\ASS01\HE186716_DoHuuHoa_A01\FUNewsManagement_v2_FE\Pages\News\Search.cshtml(104,1): error RZ1006: The else block is missing a closing "}" character.  Make sure you have a matching "}" character for all the "{" characters within this block, and that none of the "}" characters are being interpreted as markup. [D:\DH 2022 - 2026\Tai lieu hoc\8. Spring 2026\PRN232\Assignment\ASS01\HE186716_DoHuuHoa_A01\FUNewsManagement_v2_FE\FUNewsManagement_v2_FE.csproj]
D:\DH 2022 - 2026\Tai lieu hoc\8. Spring 2026\PRN232\Assignment\ASS01\HE186716_DoHuuHoa_A01\FUNewsManagement_v2_FE\Pages\News\Search.cshtml(146,3): error RZ1026: Encountered end tag "div" with no matching start tag.  Are your start/end tags properly balanced? [D:\DH 2022 - 2026\Tai lieu hoc\8. Spring 2026\PRN232\Assignment\ASS01\HE186716_DoHuuHoa_A01\FUNewsManagement_v2_FE\FUNewsManagement_v2_FE.csproj]
D:\DH 2022 - 2026\Tai lieu hoc\8. Spring 2026\PRN232\Assignment\ASS01\HE186716_DoHuuHoa_A01\FUNewsManagement_v2_FE\obj\Debug\net8.0\Microsoft.CodeAnalysis.Razor.Compiler\Microsoft.NET.Sdk.Razor.SourceGenerators.RazorSourceGenerator\Pages_News_Search_cshtml.g.cs(1028,60): error CS0116: A namespace cannot directly contain members such as fields, methods or statements [D:\DH 2022 - 2026\Tai lieu hoc\8. Spring 2026\PRN232\Assignment\ASS01\HE186716_DoHuuHoa_A01\FUNewsManagement_v2_FE\FUNewsManagement_v2_FE.csproj]
D:\DH 2022 - 2026\Tai lieu hoc\8. Spring 2026\PRN232\Assignment\ASS01\HE186716_DoHuuHoa_A01\FUNewsManagement_v2_FE\obj\Debug\net8.0\Microsoft.CodeAnalysis.Razor.Compiler\Microsoft.NET.Sdk.Razor.SourceGenerators.RazorSourceGenerator\Pages_News_Search_cshtml.g.cs(1032,70): error CS0116: A namespace cannot directly contain members such as fields, methods or statements [D:\DH 2022 - 2026\Tai lieu hoc\8. Spring 2026\PRN232\Assignment\ASS01\HE186716_DoHuuHoa_A01\FUNewsManagement_v2_FE\FUNewsManagement_v2_FE.csproj]
D:\DH 2022 - 2026\Tai lieu hoc\8. Spring 2026\PRN232\Assignment\ASS01\HE186716_DoHuuHoa_A01\FUNewsManagement_v2_FE\obj\Debug\net8.0\Microsoft.CodeAnalysis.Razor.Compiler\Microsoft.NET.Sdk.Razor.SourceGenerators.RazorSourceGenerator\Pages_News_Search_cshtml.g.cs(1036,71): error CS0116: A namespace cannot directly contain members such as fields, methods or statements [D:\DH 2022 - 2026\Tai lieu hoc\8. Spring 2026\PRN232\Assignment\ASS01\HE186716_DoHuuHoa_A01\FUNewsManagement_v2_FE\FUNewsManagement_v2_FE.csproj]
D:\DH 2022 - 2026\Tai lieu hoc\8. Spring 2026\PRN232\Assignment\ASS01\HE186716_DoHuuHoa_A01\FUNewsManagement_v2_FE\obj\Debug\net8.0\Microsoft.CodeAnalysis.Razor.Compiler\Microsoft.NET.Sdk.Razor.SourceGenerators.RazorSourceGenerator\Pages_News_Search_cshtml.g.cs(1040,118): error CS0116: A namespace cannot directly contain members such as fields, methods or statements [D:\DH 2022 - 2026\Tai lieu hoc\8. Spring 2026\PRN232\Assignment\ASS01\HE186716_DoHuuHoa_A01\FUNewsManagement_v2_FE\FUNewsManagement_v2_FE.csproj]
D:\DH 2022 - 2026\Tai lieu hoc\8. Spring 2026\PRN232\Assignment\ASS01\HE186716_DoHuuHoa_A01\FUNewsManagement_v2_FE\obj\Debug\net8.0\Microsoft.CodeAnalysis.Razor.Compiler\Microsoft.NET.Sdk.Razor.SourceGenerators.RazorSourceGenerator\Pages_News_Search_cshtml.g.cs(1042,128): error CS0116: A namespace cannot directly contain members such as fields, methods or statements [D:\DH 2022 - 2026\Tai lieu hoc\8. Spring 2026\PRN232\Assignment\ASS01\HE186716_DoHuuHoa_A01\FUNewsManagement_v2_FE\FUNewsManagement_v2_FE.csproj]
D:\DH 2022 - 2026\Tai lieu hoc\8. Spring 2026\PRN232\Assignment\ASS01\HE186716_DoHuuHoa_A01\FUNewsManagement_v2_FE\obj\Debug\net8.0\Microsoft.CodeAnalysis.Razor.Compiler\Microsoft.NET.Sdk.Razor.SourceGenerators.RazorSourceGenerator\Pages_News_Search_cshtml.g.cs(1043,62): error CS0116: A namespace cannot directly contain members such as fields, methods or statements [D:\DH 2022 - 2026\Tai lieu hoc\8. Spring 2026\PRN232\Assignment\ASS01\HE186716_DoHuuHoa_A01\FUNewsManagement_v2_FE\FUNewsManagement_v2_FE.csproj]

Build FAILED.
    0 Warning(s)
    8 Error(s)

Time Elapsed 00:00:02.25
